Traceback (most recent call last):
  File "C:\Users\PC\AppData\Local\Programs\Python\Python39\lib\site-packages\jupyter_core\utils\__init__.py", line 154, in wrapped
    asyncio.get_running_loop()
RuntimeError: no running event loop

During handling of the above exception, another exception occurred:

Traceback (most recent call last):
  File "C:\Users\PC\AppData\Local\Programs\Python\Python39\lib\site-packages\jupyter_cache\executors\utils.py", line 58, in single_nb_execution
    executenb(
  File "C:\Users\PC\AppData\Local\Programs\Python\Python39\lib\site-packages\nbclient\client.py", line 1305, in execute
    return NotebookClient(nb=nb, resources=resources, km=km, **kwargs).execute()
  File "C:\Users\PC\AppData\Local\Programs\Python\Python39\lib\site-packages\jupyter_core\utils\__init__.py", line 158, in wrapped
    return loop.run_until_complete(inner)
  File "C:\Users\PC\AppData\Local\Programs\Python\Python39\lib\asyncio\base_events.py", line 642, in run_until_complete
    return future.result()
  File "C:\Users\PC\AppData\Local\Programs\Python\Python39\lib\site-packages\nbclient\client.py", line 705, in async_execute
    await self.async_execute_cell(
  File "C:\Users\PC\AppData\Local\Programs\Python\Python39\lib\site-packages\nbclient\client.py", line 1058, in async_execute_cell
    await self._check_raise_for_error(cell, cell_index, exec_reply)
  File "C:\Users\PC\AppData\Local\Programs\Python\Python39\lib\site-packages\nbclient\client.py", line 914, in _check_raise_for_error
    raise CellExecutionError.from_cell_and_msg(cell, exec_reply_content)
nbclient.exceptions.CellExecutionError: An error occurred while executing the following cell:
------------------
import matplotlib.pyplot as plt
from sklearn.ensemble import IsolationForest

df = pd.read_csv("../data/csv/no2_lamongan.csv")
value_col = df.columns[-1]
df["date"] = pd.to_datetime(df.iloc[:, 0])
df_clean = df.dropna(subset=[value_col]).copy()

model = IsolationForest(contamination=0.05, random_state=42)
df_clean["outlier"] = model.fit_predict(df_clean[[value_col]])

normal = df_clean[df_clean["outlier"] == 1]
outliers = df_clean[df_clean["outlier"] == -1]

print(f"Jumlah outlier pada data NO2 : {len(outliers)}")
print(f"Jumlah tidak outlier (normal) pada data NO2 : {len(normal)}")

plt.figure(figsize=(10, 4))
plt.scatter(normal["date"], normal[value_col], color="blue", label="Normal", s=30)
plt.scatter(outliers["date"], outliers[value_col], color="red", label="Outlier", s=50)
plt.title("Deteksi Outlier NO2 — Kabupaten Lamongan (Merah = Outlier, Biru = Normal)")
plt.xlabel("Tanggal")
plt.ylabel("Konsentrasi NO2")
plt.legend()
plt.grid(True)
plt.show()
------------------


[1;31m---------------------------------------------------------------------------[0m
[1;31mValueError[0m                                Traceback (most recent call last)
[1;32m~\AppData\Local\Temp\ipykernel_14460\3016548306.py[0m in [0;36m?[1;34m()[0m
[1;32m---> 10[1;33m [1;32mimport[0m [0mmatplotlib[0m[1;33m.[0m[0mpyplot[0m [1;32mas[0m [0mplt[0m[1;33m[0m[1;33m[0m[0m
[0m[0;32m     11[0m [1;32mfrom[0m [0msklearn[0m[1;33m.[0m[0mensemble[0m [1;32mimport[0m [0mIsolationForest[0m[1;33m[0m[1;33m[0m[0m
[0;32m     12[0m [1;33m[0m[0m
[0;32m     13[0m [0mdf[0m [1;33m=[0m [0mpd[0m[1;33m.[0m[0mread_csv[0m[1;33m([0m[1;34m"../data/csv/no2_lamongan.csv"[0m[1;33m)[0m[1;33m[0m[1;33m[0m[0m

[1;32m~\AppData\Local\Programs\Python\Python39\lib\site-packages\sklearn\base.py[0m in [0;36m?[1;34m(self, X, y, **kwargs)[0m
[0;32m   1142[0m                     [0mUserWarning[0m[1;33m,[0m[1;33m[0m[1;33m[0m[0m
[0;32m   1143[0m                 )
[0;32m   1144[0m [1;33m[0m[0m
[0;32m   1145[0m         [1;31m# override for transductive outlier detectors like LocalOulierFactor[0m[1;33m[0m[1;33m[0m[1;33m[0m[0m
[1;32m-> 1146[1;33m         [1;32mreturn[0m [0mself[0m[1;33m.[0m[0mfit[0m[1;33m([0m[0mX[0m[1;33m,[0m [1;33m**[0m[0mkwargs[0m[1;33m)[0m[1;33m.[0m[0mpredict[0m[1;33m([0m[0mX[0m[1;33m)[0m[1;33m[0m[1;33m[0m[0m
[0m
[1;32m~\AppData\Local\Programs\Python\Python39\lib\site-packages\sklearn\base.py[0m in [0;36m?[1;34m(estimator, *args, **kwargs)[0m
[0;32m   1385[0m                 skip_parameter_validation=(
[0;32m   1386[0m                     [0mprefer_skip_nested_validation[0m [1;32mor[0m [0mglobal_skip_validation[0m[1;33m[0m[1;33m[0m[0m
[0;32m   1387[0m                 )
[0;32m   1388[0m             ):
[1;32m-> 1389[1;33m                 [1;32mreturn[0m [0mfit_method[0m[1;33m([0m[0mestimator[0m[1;33m,[0m [1;33m*[0m[0margs[0m[1;33m,[0m [1;33m**[0m[0mkwargs[0m[1;33m)[0m[1;33m[0m[1;33m[0m[0m
[0m
[1;32m~\AppData\Local\Programs\Python\Python39\lib\site-packages\sklearn\ensemble\_iforest.py[0m in [0;36m?[1;34m(self, X, y, sample_weight)[0m
[0;32m    313[0m         [1;33m-[0m[1;33m-[0m[1;33m-[0m[1;33m-[0m[1;33m-[0m[1;33m-[0m[1;33m-[0m[1;33m[0m[1;33m[0m[0m
[0;32m    314[0m         [0mself[0m [1;33m:[0m [0mobject[0m[1;33m[0m[1;33m[0m[0m
[0;32m    315[0m             [0mFitted[0m [0mestimator[0m[1;33m.[0m[1;33m[0m[1;33m[0m[0m
[0;32m    316[0m         """
[1;32m--> 317[1;33m         X = validate_data(
[0m[0;32m    318[0m             [0mself[0m[1;33m,[0m [0mX[0m[1;33m,[0m [0maccept_sparse[0m[1;33m=[0m[1;33m[[0m[1;34m"csc"[0m[1;33m][0m[1;33m,[0m [0mdtype[0m[1;33m=[0m[0mtree_dtype[0m[1;33m,[0m [0mensure_all_finite[0m[1;33m=[0m[1;32mFalse[0m[1;33m[0m[1;33m[0m[0m
[0;32m    319[0m         )
[0;32m    320[0m         [1;32mif[0m [0missparse[0m[1;33m([0m[0mX[0m[1;33m)[0m[1;33m:[0m[1;33m[0m[1;33m[0m[0m

[1;32m~\AppData\Local\Programs\Python\Python39\lib\site-packages\sklearn\utils\validation.py[0m in [0;36m?[1;34m(_estimator, X, y, reset, validate_separately, skip_check_array, **check_params)[0m
[0;32m   2940[0m             [0mout[0m [1;33m=[0m [0my[0m[1;33m[0m[1;33m[0m[0m
[0;32m   2941[0m         [1;32melse[0m[1;33m:[0m[1;33m[0m[1;33m[0m[0m
[0;32m   2942[0m             [0mout[0m [1;33m=[0m [0mX[0m[1;33m,[0m [0my[0m[1;33m[0m[1;33m[0m[0m
[0;32m   2943[0m     [1;32melif[0m [1;32mnot[0m [0mno_val_X[0m [1;32mand[0m [0mno_val_y[0m[1;33m:[0m[1;33m[0m[1;33m[0m[0m
[1;32m-> 2944[1;33m         [0mout[0m [1;33m=[0m [0mcheck_array[0m[1;33m([0m[0mX[0m[1;33m,[0m [0minput_name[0m[1;33m=[0m[1;34m"X"[0m[1;33m,[0m [1;33m**[0m[0mcheck_params[0m[1;33m)[0m[1;33m[0m[1;33m[0m[0m
[0m[0;32m   2945[0m     [1;32melif[0m [0mno_val_X[0m [1;32mand[0m [1;32mnot[0m [0mno_val_y[0m[1;33m:[0m[1;33m[0m[1;33m[0m[0m
[0;32m   2946[0m         [0mout[0m [1;33m=[0m [0m_check_y[0m[1;33m([0m[0my[0m[1;33m,[0m [1;33m**[0m[0mcheck_params[0m[1;33m)[0m[1;33m[0m[1;33m[0m[0m
[0;32m   2947[0m     [1;32melse[0m[1;33m:[0m[1;33m[0m[1;33m[0m[0m

[1;32m~\AppData\Local\Programs\Python\Python39\lib\site-packages\sklearn\utils\validation.py[0m in [0;36m?[1;34m(array, accept_sparse, accept_large_sparse, dtype, order, copy, force_writeable, force_all_finite, ensure_all_finite, ensure_non_negative, ensure_2d, allow_nd, ensure_min_samples, ensure_min_features, estimator, input_name)[0m
[0;32m   1053[0m                     [0marray[0m [1;33m=[0m [0mxp[0m[1;33m.[0m[0mastype[0m[1;33m([0m[0marray[0m[1;33m,[0m [0mdtype[0m[1;33m,[0m [0mcopy[0m[1;33m=[0m[1;32mFalse[0m[1;33m)[0m[1;33m[0m[1;33m[0m[0m
[0;32m   1054[0m                 [1;32melse[0m[1;33m:[0m[1;33m[0m[1;33m[0m[0m
[0;32m   1055[0m                     [0marray[0m [1;33m=[0m [0m_asarray_with_order[0m[1;33m([0m[0marray[0m[1;33m,[0m [0morder[0m[1;33m=[0m[0morder[0m[1;33m,[0m [0mdtype[0m[1;33m=[0m[0mdtype[0m[1;33m,[0m [0mxp[0m[1;33m=[0m[0mxp[0m[1;33m)[0m[1;33m[0m[1;33m[0m[0m
[0;32m   1056[0m             [1;32mexcept[0m [0mComplexWarning[0m [1;32mas[0m [0mcomplex_warning[0m[1;33m:[0m[1;33m[0m[1;33m[0m[0m
[1;32m-> 1057[1;33m                 raise ValueError(
[0m[0;32m   1058[0m                     [1;34m"Complex data not supported\n{}\n"[0m[1;33m.[0m[0mformat[0m[1;33m([0m[0marray[0m[1;33m)[0m[1;33m[0m[1;33m[0m[0m
[0;32m   1059[0m                 ) from complex_warning
[0;32m   1060[0m [1;33m[0m[0m

[1;32m~\AppData\Local\Programs\Python\Python39\lib\site-packages\sklearn\utils\_array_api.py[0m in [0;36m?[1;34m(array, dtype, order, copy, xp, device)[0m
[0;32m    835[0m         [1;31m# Use NumPy API to support order[0m[1;33m[0m[1;33m[0m[1;33m[0m[0m
[0;32m    836[0m         [1;32mif[0m [0mcopy[0m [1;32mis[0m [1;32mTrue[0m[1;33m:[0m[1;33m[0m[1;33m[0m[0m
[0;32m    837[0m             [0marray[0m [1;33m=[0m [0mnumpy[0m[1;33m.[0m[0marray[0m[1;33m([0m[0marray[0m[1;33m,[0m [0morder[0m[1;33m=[0m[0morder[0m[1;33m,[0m [0mdtype[0m[1;33m=[0m[0mdtype[0m[1;33m)[0m[1;33m[0m[1;33m[0m[0m
[0;32m    838[0m         [1;32melse[0m[1;33m:[0m[1;33m[0m[1;33m[0m[0m
[1;32m--> 839[1;33m             [0marray[0m [1;33m=[0m [0mnumpy[0m[1;33m.[0m[0masarray[0m[1;33m([0m[0marray[0m[1;33m,[0m [0morder[0m[1;33m=[0m[0morder[0m[1;33m,[0m [0mdtype[0m[1;33m=[0m[0mdtype[0m[1;33m)[0m[1;33m[0m[1;33m[0m[0m
[0m[0;32m    840[0m [1;33m[0m[0m
[0;32m    841[0m         [1;31m# At this point array is a NumPy ndarray. We convert it to an array[0m[1;33m[0m[1;33m[0m[1;33m[0m[0m
[0;32m    842[0m         [1;31m# container that is consistent with the input's namespace.[0m[1;33m[0m[1;33m[0m[1;33m[0m[0m

[1;32m~\AppData\Local\Programs\Python\Python39\lib\site-packages\pandas\core\generic.py[0m in [0;36m?[1;34m(self, dtype, copy)[0m
[0;32m   2167[0m             )
[0;32m   2168[0m         [0mvalues[0m [1;33m=[0m [0mself[0m[1;33m.[0m[0m_values[0m[1;33m[0m[1;33m[0m[0m
[0;32m   2169[0m         [1;32mif[0m [0mcopy[0m [1;32mis[0m [1;32mNone[0m[1;33m:[0m[1;33m[0m[1;33m[0m[0m
[0;32m   2170[0m             [1;31m# Note: branch avoids `copy=None` for NumPy 1.x support[0m[1;33m[0m[1;33m[0m[1;33m[0m[0m
[1;32m-> 2171[1;33m             [0marr[0m [1;33m=[0m [0mnp[0m[1;33m.[0m[0masarray[0m[1;33m([0m[0mvalues[0m[1;33m,[0m [0mdtype[0m[1;33m=[0m[0mdtype[0m[1;33m)[0m[1;33m[0m[1;33m[0m[0m
[0m[0;32m   2172[0m         [1;32melse[0m[1;33m:[0m[1;33m[0m[1;33m[0m[0m
[0;32m   2173[0m             [0marr[0m [1;33m=[0m [0mnp[0m[1;33m.[0m[0marray[0m[1;33m([0m[0mvalues[0m[1;33m,[0m [0mdtype[0m[1;33m=[0m[0mdtype[0m[1;33m,[0m [0mcopy[0m[1;33m=[0m[0mcopy[0m[1;33m)[0m[1;33m[0m[1;33m[0m[0m
[0;32m   2174[0m [1;33m[0m[0m

[1;31mValueError[0m: could not convert string to float: 'feature_0'

